checking build system type... x86_64-pc-mingw64
checking host system type... x86_64-pc-mingw64
checking target system type... x86_64-pc-mingw64
checking for a BSD-compatible install... /usr/bin/install -c
checking whether build environment is sane... yes
checking for a thread-safe mkdir -p... /usr/bin/mkdir -p
checking for gawk... gawk
checking whether make sets $(MAKE)... no
checking whether make supports nested variables... no
checking whether make supports nested variables... (cached) no
checking whether to enable maintainer-specific portions of Makefiles... no
checking for gcc... gcc -mthreads -mtune=core2 -static-libgcc
checking whether the C compiler works... yes
checking for C compiler default output file name... a.exe
checking for suffix of executables... .exe
checking whether we are cross compiling... no
checking for suffix of object files... o
checking whether we are using the GNU C compiler... yes
checking whether gcc -mthreads -mtune=core2 -static-libgcc accepts -g... yes
checking for gcc -mthreads -mtune=core2 -static-libgcc option to accept ISO C89... none needed
checking whether gcc -mthreads -mtune=core2 -static-libgcc understands -c and -o together... yes
checking for style of include used by make... none
checking dependency style of gcc -mthreads -mtune=core2 -static-libgcc... none
checking for library containing strerror... none required
checking for gcc... (cached) gcc -mthreads -mtune=core2 -static-libgcc
checking whether we are using the GNU C compiler... (cached) yes
checking whether gcc -mthreads -mtune=core2 -static-libgcc accepts -g... (cached) yes
checking for gcc -mthreads -mtune=core2 -static-libgcc option to accept ISO C89... (cached) none needed
checking whether gcc -mthreads -mtune=core2 -static-libgcc understands -c and -o together... (cached) yes
checking dependency style of gcc -mthreads -mtune=core2 -static-libgcc... (cached) none
checking whether ln -s works... no, using cp -pR
checking whether make sets $(MAKE)... (cached) no
checking how to run the C preprocessor... gcc -mthreads -mtune=core2 -static-libgcc -E
checking for flex... no
checking for lex... no
checking for bison... no
checking for byacc... no
checking how to print strings... printf
checking for a sed that does not truncate output... /usr/bin/sed
checking for grep that handles long lines and -e... /usr/bin/grep
checking for egrep... /usr/bin/grep -E
checking for fgrep... /usr/bin/grep -F
checking for ld used by gcc -mthreads -mtune=core2 -static-libgcc... E:/Qt/Tools/mingw1310_64/x86_64-w64-mingw32/bin/ld.exe
checking if the linker (E:/Qt/Tools/mingw1310_64/x86_64-w64-mingw32/bin/ld.exe) is GNU ld... yes
checking for BSD- or MS-compatible name lister (nm)... /e/Qt/Tools/mingw1310_64/bin/nm -B
checking the name lister (/e/Qt/Tools/mingw1310_64/bin/nm -B) interface... BSD nm
checking the maximum length of command line arguments... 8192
checking how to convert x86_64-pc-mingw64 file names to x86_64-pc-mingw64 format... func_convert_file_msys_to_w32
checking how to convert x86_64-pc-mingw64 file names to toolchain format... func_convert_file_msys_to_w32
checking for E:/Qt/Tools/mingw1310_64/x86_64-w64-mingw32/bin/ld.exe option to reload object files... -r
checking for objdump... objdump
checking how to recognize dependent libraries... file_magic ^x86 archive import|^x86 DLL
checking for dlltool... dlltool
checking how to associate runtime and link libraries... func_cygming_dll_for_implib
checking for ar... ar
checking for archiver @FILE support... @
checking for strip... strip
checking for ranlib... ranlib
checking command to parse /e/Qt/Tools/mingw1310_64/bin/nm -B output from gcc -mthreads -mtune=core2 -static-libgcc object... ok
checking for sysroot... no
checking for a working dd... /usr/bin/dd
checking how to truncate binary pipes... /usr/bin/dd bs=4096 count=1
checking for mt... no
checking if : is a manifest tool... no
checking for ANSI C header files... yes
checking for sys/types.h... yes
checking for sys/stat.h... yes
checking for stdlib.h... yes
checking for string.h... yes
checking for memory.h... yes
checking for strings.h... yes
checking for inttypes.h... yes
checking for stdint.h... yes
checking for unistd.h... yes
checking for dlfcn.h... no
checking for objdir... .libs
checking if gcc -mthreads -mtune=core2 -static-libgcc supports -fno-rtti -fno-exceptions... no
checking for gcc -mthreads -mtune=core2 -static-libgcc option to produce PIC... -DDLL_EXPORT -DPIC
checking if gcc -mthreads -mtune=core2 -static-libgcc PIC flag -DDLL_EXPORT -DPIC works... yes
checking if gcc -mthreads -mtune=core2 -static-libgcc static flag -static works... yes
checking if gcc -mthreads -mtune=core2 -static-libgcc supports -c -o file.o... yes
checking if gcc -mthreads -mtune=core2 -static-libgcc supports -c -o file.o... (cached) yes
checking whether the gcc -mthreads -mtune=core2 -static-libgcc linker (E:/Qt/Tools/mingw1310_64/x86_64-w64-mingw32/bin/ld.exe) supports shared libraries... yes
checking whether -lc should be explicitly linked in... yes
checking dynamic linker characteristics... Win32 ld.exe
checking how to hardcode library paths into programs... immediate
checking whether stripping libraries is possible... yes
checking if libtool supports shared libraries... yes
checking whether to build shared libraries... yes
checking whether to build static libraries... no
checking for windres... windres
checking for pkg-config... no
checking for GLIB - version >= 2.8.0... no
*** A new enough version of pkg-config was not found.
*** See http://www.freedesktop.org/software/pkgconfig/
configure: error: Test for GLib failed. See the 'INSTALL' for help.
